@@ -1,13 +1,17 @@
 {
   "expire": "0001-01-01T00:00:00Z",
   "id": "hoge",
   "namespace": "external",
   "dashboards": [
     {
       "dashboard_id": "12345678-1234-1234-1234-123456789012",
       "expire": "2021-01-01T00:00:00Z"
+    },
+    {
+      "dashboard_id": "00000000-0000-0000-0000-000000000000",
+      "expire": "0001-01-01T00:00:00Z"
     }
   ],
   "region": "ap-northeast-1",
   "enabled": true
 }
